2026-09-22T10:50:32.2637321Z projecta-azure-runner(version:v0.2.12) received task 13 of job deploy, be triggered by event: push
2026-09-22T10:50:32.2642732Z workflow prepared
2026-09-22T10:50:32.2643277Z evaluating expression 'success()'
2026-09-22T10:50:32.2643962Z expression 'success()' evaluated to 'true'
2026-09-22T10:50:32.2644047Z 'runs-on' key not defined in Pipeline/build-test-push
2026-09-22T10:50:32.2644119Z No steps found
2026-09-22T10:50:32.2644791Z evaluating expression 'needs.build-test-push.outputs.ships == 'true''
2026-09-22T10:50:32.2645214Z expression 'needs.build-test-push.outputs.ships == 'true'' evaluated to 'true'
2026-09-22T10:50:32.2645399Z 🚀  Start image=docker.gitea.com/runner-images:ubuntu-latest
2026-09-22T10:50:32.2724368Z   🐳  docker pull image=docker.gitea.com/runner-images:ubuntu-latest platform= username= forcePull=true
2026-09-22T10:50:32.2724643Z   🐳  docker pull docker.gitea.com/runner-images:ubuntu-latest
2026-09-22T10:50:32.2724952Z pulling image 'docker.gitea.com/runner-images:ubuntu-latest' ()
2026-09-22T10:50:33.5344300Z Pulling from runner-images :: ubuntu-latest
2026-09-22T10:50:35.1624591Z Digest: sha256:fd911d7417bfbf0f454530e447da95b58001e1df41bbc5e1a8dd35d432575aae :: 
2026-09-22T10:50:35.1625388Z Status: Image is up to date for docker.gitea.com/runner-images:ubuntu-latest :: 
2026-09-22T10:50:35.1996140Z   🐳  docker create image=docker.gitea.com/runner-images:ubuntu-latest platform= entrypoint=["/bin/sleep" "10800"] cmd=[] network="projecta-platform"
2026-09-22T10:50:35.5998979Z Created container name=GITEA-ACTIONS-TASK-13_WORKFLOW-Pipeline_JOB-deploy id=4b5b106575c57abc07e1ebf1463ed15a8e67f1cb25bf144d82c5d215e85145c7 from image docker.gitea.com/runner-images:ubuntu-latest (platform: )
2026-09-22T10:50:35.5999333Z ENV ==> [RUNNER_TOOL_CACHE=/opt/hostedtoolcache RUNNER_OS=Linux RUNNER_ARCH=X64 RUNNER_TEMP=/tmp LANG=C.UTF-8]
2026-09-22T10:50:35.5999511Z   🐳  docker run image=docker.gitea.com/runner-images:ubuntu-latest platform= entrypoint=["/bin/sleep" "10800"] cmd=[] network="projecta-platform"
2026-09-22T10:50:35.5999687Z Starting container: 4b5b106575c57abc07e1ebf1463ed15a8e67f1cb25bf144d82c5d215e85145c7
2026-09-22T10:50:35.7907118Z Started container: 4b5b106575c57abc07e1ebf1463ed15a8e67f1cb25bf144d82c5d215e85145c7
2026-09-22T10:50:35.8704728Z Writing entry to tarball workflow/event.json len:4761
2026-09-22T10:50:35.8705244Z Writing entry to tarball workflow/envs.txt len:0
2026-09-22T10:50:35.8705443Z Extracting content to '/var/run/act/'
2026-09-22T10:50:35.8901529Z   ☁  git clone 'https://github.com/actions/checkout' # ref=v4
2026-09-22T10:50:35.8901840Z   cloning https://github.com/actions/checkout to /root/.cache/act/c3fe249fe73091a17d6638fe1341e7bd0bcc3466ce52323c0688e83e2463a4ab
2026-09-22T10:50:36.4077487Z Unable to pull refs/heads/v4: non-fast-forward update
2026-09-22T10:50:36.4078068Z Cloned https://github.com/actions/checkout to /root/.cache/act/c3fe249fe73091a17d6638fe1341e7bd0bcc3466ce52323c0688e83e2463a4ab
2026-09-22T10:50:36.4353143Z Checked out v4
2026-09-22T10:50:36.4435342Z   ☁  git clone 'https://github.com/actions/setup-python' # ref=v5
2026-09-22T10:50:36.4435690Z   cloning https://github.com/actions/setup-python to /root/.cache/act/8dd8b1aead80a801f9b34ee6d45c001ae20a6c2abfe4c7037c4803578f162558
2026-09-22T10:50:36.7380472Z Non-terminating error while running 'git clone': some refs were not updated
2026-09-22T10:50:36.7709173Z evaluating expression ''
2026-09-22T10:50:36.7709737Z expression '' evaluated to 'true'
2026-09-22T10:50:36.7709851Z ⭐ Run Main Checkout repository
2026-09-22T10:50:36.7710219Z Writing entry to tarball workflow/outputcmd.txt len:0
2026-09-22T10:50:36.7710407Z Writing entry to tarball workflow/statecmd.txt len:0
2026-09-22T10:50:36.7710505Z Writing entry to tarball workflow/pathcmd.txt len:0
2026-09-22T10:50:36.7710603Z Writing entry to tarball workflow/envs.txt len:0
2026-09-22T10:50:36.7710680Z Writing entry to tarball workflow/SUMMARY.md len:0
2026-09-22T10:50:36.7710777Z Extracting content to '/var/run/act'
2026-09-22T10:50:36.7793967Z expression '${{ github.token }}' rewritten to 'format('{0}', github.token)'
2026-09-22T10:50:36.7794217Z evaluating expression 'format('{0}', github.token)'
2026-09-22T10:50:36.7794601Z expression 'format('{0}', github.token)' evaluated to '%!t(string=***)'
2026-09-22T10:50:36.7795022Z expression '${{ github.repository }}' rewritten to 'format('{0}', github.repository)'
2026-09-22T10:50:36.7795110Z evaluating expression 'format('{0}', github.repository)'
2026-09-22T10:50:36.7795274Z expression 'format('{0}', github.repository)' evaluated to '%!t(string=milan/MilanProjA-Szakdoga)'
2026-09-22T10:50:36.7795509Z type=remote-action actionDir=/root/.cache/act/c3fe249fe73091a17d6638fe1341e7bd0bcc3466ce52323c0688e83e2463a4ab actionPath= workdir=/workspace/milan/MilanProjA-Szakdoga actionCacheDir=/root/.cache/act actionName=c3fe249fe73091a17d6638fe1341e7bd0bcc3466ce52323c0688e83e2463a4ab containerActionDir=/var/run/act/actions/c3fe249fe73091a17d6638fe1341e7bd0bcc3466ce52323c0688e83e2463a4ab
2026-09-22T10:50:36.7795642Z /var/run/act/actions/c3fe249fe73091a17d6638fe1341e7bd0bcc3466ce52323c0688e83e2463a4ab
2026-09-22T10:50:36.7795849Z Removing /root/.cache/act/c3fe249fe73091a17d6638fe1341e7bd0bcc3466ce52323c0688e83e2463a4ab/.gitignore before docker cp
2026-09-22T10:50:36.7796354Z   🐳  docker cp src=/root/.cache/act/c3fe249fe73091a17d6638fe1341e7bd0bcc3466ce52323c0688e83e2463a4ab/ dst=/var/run/act/actions/c3fe249fe73091a17d6638fe1341e7bd0bcc3466ce52323c0688e83e2463a4ab/
2026-09-22T10:50:36.7796898Z Writing tarball /tmp/act385098648 from /root/.cache/act/c3fe249fe73091a17d6638fe1341e7bd0bcc3466ce52323c0688e83e2463a4ab/
2026-09-22T10:50:36.7797068Z Stripping prefix:/root/.cache/act/c3fe249fe73091a17d6638fe1341e7bd0bcc3466ce52323c0688e83e2463a4ab/ src:/root/.cache/act/c3fe249fe73091a17d6638fe1341e7bd0bcc3466ce52323c0688e83e2463a4ab/
2026-09-22T10:50:36.8581008Z Extracting content from '/tmp/act385098648' to '/var/run/act/actions/c3fe249fe73091a17d6638fe1341e7bd0bcc3466ce52323c0688e83e2463a4ab/'
2026-09-22T10:50:36.9806157Z executing remote job container: [node /var/run/act/actions/c3fe249fe73091a17d6638fe1341e7bd0bcc3466ce52323c0688e83e2463a4ab/dist/index.js]
2026-09-22T10:50:36.9807804Z   🐳  docker exec cmd=[node /var/run/act/actions/c3fe249fe73091a17d6638fe1341e7bd0bcc3466ce52323c0688e83e2463a4ab/dist/index.js] user= workdir=
2026-09-22T10:50:36.9808065Z Exec command '[node /var/run/act/actions/c3fe249fe73091a17d6638fe1341e7bd0bcc3466ce52323c0688e83e2463a4ab/dist/index.js]'
2026-09-22T10:50:36.9808724Z Working directory '/workspace/milan/MilanProjA-Szakdoga'
2026-09-22T10:50:37.1118170Z ::add-matcher::/run/act/actions/c3fe249fe73091a17d6638fe1341e7bd0bcc3466ce52323c0688e83e2463a4ab/dist/problem-matcher.json
2026-09-22T10:50:37.1118406Z ::add-matcher::/run/act/actions/c3fe249fe73091a17d6638fe1341e7bd0bcc3466ce52323c0688e83e2463a4ab/dist/problem-matcher.json
2026-09-22T10:50:37.1121482Z Syncing repository: milan/MilanProjA-Szakdoga
2026-09-22T10:50:37.1126927Z ::group::Getting Git version info
2026-09-22T10:50:37.1127187Z Working directory is '/workspace/milan/MilanProjA-Szakdoga'
2026-09-22T10:50:37.1159461Z [command]/usr/bin/git version
2026-09-22T10:50:37.1200708Z git version 2.55.0
2026-09-22T10:50:37.1222760Z ::endgroup::
2026-09-22T10:50:37.1499979Z Temporarily overriding HOME='/tmp/b00fa417-3abc-4bee-b0ae-ee31d57cd5cb' before making global git config changes
2026-09-22T10:50:37.1500532Z Adding repository directory to the temporary git global config as a safe directory
2026-09-22T10:50:37.1504081Z [command]/usr/bin/git config --global --add safe.directory /workspace/milan/MilanProjA-Szakdoga
2026-09-22T10:50:37.1539738Z Deleting the contents of '/workspace/milan/MilanProjA-Szakdoga'
2026-09-22T10:50:37.1547880Z ::group::Initializing the repository
2026-09-22T10:50:37.1549216Z [command]/usr/bin/git init /workspace/milan/MilanProjA-Szakdoga
2026-09-22T10:50:37.1624738Z hint: Using 'master' as the name for the initial branch. This default branch name
2026-09-22T10:50:37.1625298Z hint: will change to "main" in Git 3.0. To configure the initial branch name
2026-09-22T10:50:37.1625489Z hint: to use in all of your new repositories, which will suppress this warning,
2026-09-22T10:50:37.1625650Z hint: call:
2026-09-22T10:50:37.1625795Z hint:
2026-09-22T10:50:37.1625952Z hint: 	git config --global init.defaultBranch <name>
2026-09-22T10:50:37.1626100Z hint:
2026-09-22T10:50:37.1626228Z hint: Names commonly chosen instead of 'master' are 'main', 'trunk' and
2026-09-22T10:50:37.1626371Z hint: 'development'. The just-created branch can be renamed via this command:
2026-09-22T10:50:37.1626515Z hint:
2026-09-22T10:50:37.1626650Z hint: 	git branch -m <name>
2026-09-22T10:50:37.1626843Z hint:
2026-09-22T10:50:37.1626968Z hint: Disable this message with "git config set advice.defaultBranchName false"
2026-09-22T10:50:37.1627116Z Initialized empty Git repository in /workspace/milan/MilanProjA-Szakdoga/.git/
2026-09-22T10:50:37.1628032Z [command]/usr/bin/git remote add origin http://gitea:3000/milan/MilanProjA-Szakdoga
2026-09-22T10:50:37.1697315Z ::endgroup::
2026-09-22T10:50:37.1697667Z ::group::Disabling automatic garbage collection
2026-09-22T10:50:37.1701102Z [command]/usr/bin/git config --local gc.auto 0
2026-09-22T10:50:37.1736578Z ::endgroup::
2026-09-22T10:50:37.1736945Z ::group::Setting up auth
2026-09-22T10:50:37.1739159Z [command]/usr/bin/git config --local --name-only --get-regexp core\.sshCommand
2026-09-22T10:50:37.1764645Z [command]/usr/bin/git submodule foreach --recursive sh -c "git config --local --name-only --get-regexp 'core\.sshCommand' && git config --local --unset-all 'core.sshCommand' || :"
2026-09-22T10:50:37.1982681Z [command]/usr/bin/git config --local --name-only --get-regexp http\.http\:\/\/gitea\:3000\/\.extraheader
2026-09-22T10:50:37.2009277Z [command]/usr/bin/git submodule foreach --recursive sh -c "git config --local --name-only --get-regexp 'http\.http\:\/\/gitea\:3000\/\.extraheader' && git config --local --unset-all 'http.http://gitea:3000/.extraheader' || :"
2026-09-22T10:50:37.2214820Z [command]/usr/bin/git config --local --name-only --get-regexp ^includeIf\.gitdir:
2026-09-22T10:50:37.2245158Z [command]/usr/bin/git submodule foreach --recursive git config --local --show-origin --name-only --get-regexp remote.origin.url
2026-09-22T10:50:37.2458056Z [command]/usr/bin/git config --local http.http://gitea:3000/.extraheader AUTHORIZATION: basic ***
2026-09-22T10:50:37.2491186Z ::endgroup::
2026-09-22T10:50:37.2491779Z ::group::Fetching the repository
2026-09-22T10:50:37.2499132Z [command]/usr/bin/git -c protocol.version=2 fetch --no-tags --prune --no-recurse-submodules --depth=1 origin +d63eb00695e75f6a45a57801beb1261fffef7d38:refs/remotes/origin/release/meres
2026-09-22T10:50:37.5969195Z From http://gitea:3000/milan/MilanProjA-Szakdoga
2026-09-22T10:50:37.5969739Z  * [new ref]         d63eb00695e75f6a45a57801beb1261fffef7d38 -> origin/release/meres
2026-09-22T10:50:37.5975098Z ::endgroup::
2026-09-22T10:50:37.5975489Z ::group::Determining the checkout info
2026-09-22T10:50:37.5978751Z ::endgroup::
2026-09-22T10:50:37.5984026Z [command]/usr/bin/git sparse-checkout disable
2026-09-22T10:50:37.6017141Z [command]/usr/bin/git config --local --unset-all extensions.worktreeConfig
2026-09-22T10:50:37.6042065Z ::group::Checking out the ref
2026-09-22T10:50:37.6045745Z [command]/usr/bin/git checkout --progress --force -B release/meres refs/remotes/origin/release/meres
2026-09-22T10:50:37.6587572Z Switched to a new branch 'release/meres'
2026-09-22T10:50:37.6590778Z branch 'release/meres' set up to track 'origin/release/meres'.
2026-09-22T10:50:37.6598498Z ::endgroup::
2026-09-22T10:50:37.6632548Z [command]/usr/bin/git log -1 --format=%H
2026-09-22T10:50:37.6655576Z d63eb00695e75f6a45a57801beb1261fffef7d38
2026-09-22T10:50:37.6669882Z ::remove-matcher owner=checkout-git::
2026-09-22T10:50:38.1100973Z ::group::Installed versions
2026-09-22T10:50:38.1132973Z (node:139) [DEP0040] DeprecationWarning: The `punycode` module is deprecated. Please use a userland alternative instead.
2026-09-22T10:50:38.1133223Z (Use `node --trace-deprecation ...` to show where the warning was created)
2026-09-22T10:50:38.1141038Z Successfully set up CPython (3.12.14)
2026-09-22T10:50:38.1141589Z ::endgroup::
2026-09-22T10:50:38.1441400Z [command]/opt/hostedtoolcache/Python/3.12.14/x64/bin/pip cache dir
2026-09-22T10:50:38.3340518Z /root/.cache/pip
2026-09-22T10:50:38.4024975Z Cache Size: ~3 MB (2635015 B)
2026-09-22T10:50:38.4051595Z [command]/usr/bin/tar -xf /tmp/075b041c-36ed-4858-bb96-297d79944376/cache.tzst -P -C /workspace/milan/MilanProjA-Szakdoga --use-compress-program unzstd
2026-09-22T10:50:38.4354287Z Cache restored successfully
2026-09-22T10:50:38.4354734Z Cache restored from key: setup-python-linux-x64-24.04-ubuntu-python-3.12.14-pip-94c521edf4586f05b2ab831524b95038a274dd1a61270bc00fbccaa711815f02
2026-09-22T10:50:38.4355343Z ##[add-matcher]/run/act/actions/8dd8b1aead80a801f9b34ee6d45c001ae20a6c2abfe4c7037c4803578f162558/.github/python.json
2026-09-22T10:50:38.8863318Z Requirement already satisfied: pip in /opt/hostedtoolcache/Python/3.12.14/x64/lib/python3.12/site-packages (26.1.2)
2026-09-22T10:50:39.0433978Z Collecting pip
2026-09-22T10:50:39.0448108Z   Using cached pip-26.2.1-py3-none-any.whl.metadata (4.6 kB)
2026-09-22T10:50:39.0478337Z Using cached pip-26.2.1-py3-none-any.whl (1.8 MB)
2026-09-22T10:50:39.1035014Z Installing collected packages: pip
2026-09-22T10:50:39.1036440Z   Attempting uninstall: pip
2026-09-22T10:50:39.1056175Z     Found existing installation: pip 26.1.2
2026-09-22T10:50:39.1363126Z     Uninstalling pip-26.1.2:
2026-09-22T10:50:39.1441692Z       Successfully uninstalled pip-26.1.2
2026-09-22T10:50:40.0019572Z Successfully installed pip-26.2.1
2026-09-22T10:50:40.0022810Z WARNING: Running pip as the 'root' user can result in broken permissions and conflicting behaviour with the system package manager, possibly rendering your system unusable. It is recommended to use a virtual environment instead: https://pip.pypa.io/warnings/venv. Use the --root-user-action option if you know what you are doing and want to suppress this warning.
2026-09-22T10:50:40.3651606Z Requirement already satisfied: ansible-core==2.21.2 in /opt/hostedtoolcache/Python/3.12.14/x64/lib/python3.12/site-packages (from -r ansible/requirements-ansible.txt (line 7)) (2.21.2)
2026-09-22T10:50:40.3657226Z Requirement already satisfied: certifi==2026.7.22 in /opt/hostedtoolcache/Python/3.12.14/x64/lib/python3.12/site-packages (from -r ansible/requirements-ansible.txt (line 11)) (2026.7.22)
2026-09-22T10:50:40.3662252Z Requirement already satisfied: cffi==2.1.0 in /opt/hostedtoolcache/Python/3.12.14/x64/lib/python3.12/site-packages (from -r ansible/requirements-ansible.txt (line 15)) (2.1.0)
2026-09-22T10:50:40.3667286Z Requirement already satisfied: charset-normalizer==3.4.9 in /opt/hostedtoolcache/Python/3.12.14/x64/lib/python3.12/site-packages (from -r ansible/requirements-ansible.txt (line 117)) (3.4.9)
2026-09-22T10:50:40.3672410Z Requirement already satisfied: cryptography==50.0.0 in /opt/hostedtoolcache/Python/3.12.14/x64/lib/python3.12/site-packages (from -r ansible/requirements-ansible.txt (line 212)) (50.0.0)
2026-09-22T10:50:40.3676671Z Requirement already satisfied: idna==3.18 in /opt/hostedtoolcache/Python/3.12.14/x64/lib/python3.12/site-packages (from -r ansible/requirements-ansible.txt (line 260)) (3.18)
2026-09-22T10:50:40.3681284Z Requirement already satisfied: jinja2==3.1.6 in /opt/hostedtoolcache/Python/3.12.14/x64/lib/python3.12/site-packages (from -r ansible/requirements-ansible.txt (line 264)) (3.1.6)
2026-09-22T10:50:40.3685541Z Requirement already satisfied: markupsafe==3.0.3 in /opt/hostedtoolcache/Python/3.12.14/x64/lib/python3.12/site-packages (from -r ansible/requirements-ansible.txt (line 268)) (3.0.3)
2026-09-22T10:50:40.3689916Z Requirement already satisfied: packaging==26.2 in /opt/hostedtoolcache/Python/3.12.14/x64/lib/python3.12/site-packages (from -r ansible/requirements-ansible.txt (line 359)) (26.2)
2026-09-22T10:50:40.3694472Z Requirement already satisfied: pycparser==3.0 in /opt/hostedtoolcache/Python/3.12.14/x64/lib/python3.12/site-packages (from -r ansible/requirements-ansible.txt (line 363)) (3.0)
2026-09-22T10:50:40.3699124Z Requirement already satisfied: pyyaml==6.0.3 in /opt/hostedtoolcache/Python/3.12.14/x64/lib/python3.12/site-packages (from -r ansible/requirements-ansible.txt (line 367)) (6.0.3)
2026-09-22T10:50:40.3703724Z Requirement already satisfied: requests==2.33.0 in /opt/hostedtoolcache/Python/3.12.14/x64/lib/python3.12/site-packages (from -r ansible/requirements-ansible.txt (line 442)) (2.33.0)
2026-09-22T10:50:40.3708308Z Requirement already satisfied: resolvelib==1.2.1 in /opt/hostedtoolcache/Python/3.12.14/x64/lib/python3.12/site-packages (from -r ansible/requirements-ansible.txt (line 446)) (1.2.1)
2026-09-22T10:50:40.3712827Z Requirement already satisfied: urllib3==2.7.0 in /opt/hostedtoolcache/Python/3.12.14/x64/lib/python3.12/site-packages (from -r ansible/requirements-ansible.txt (line 450)) (2.7.0)
2026-09-22T10:50:40.4439521Z WARNING: Running pip as the 'root' user can result in broken permissions and conflicting behaviour with the system package manager, possibly rendering your system unusable. It is recommended to use a virtual environment instead: https://pip.pypa.io/warnings/venv. Use the --root-user-action option if you know what you are doing and want to suppress this warning.
2026-09-22T10:50:40.6170644Z Docker host reachable at 172.18.0.1
2026-09-22T10:50:43.1861107Z currently deployed: b390741
2026-09-22T10:50:43.3239145Z MERES deploy-start 2026-09-22T10:50:43Z
2026-09-22T10:51:02.5006624Z Release "projecta" has been upgraded. Happy Helming!
2026-09-22T10:51:02.5007100Z NAME: projecta
2026-09-22T10:51:02.5007298Z LAST DEPLOYED: Tue Sep 22 10:50:43 2026
2026-09-22T10:51:02.5007486Z NAMESPACE: default
2026-09-22T10:51:02.5007634Z STATUS: deployed
2026-09-22T10:51:02.5007764Z REVISION: 22
2026-09-22T10:51:02.5007921Z TEST SUITE: None
2026-09-22T10:51:02.8425427Z MERES live 2026-09-22T10:51:02Z
2026-09-22T10:51:03.5529051Z 
2026-09-22T10:51:03.5529722Z PLAY [Verify a deployed Project A] *********************************************
2026-09-22T10:51:03.5940526Z 
2026-09-22T10:51:03.5940965Z TASK [Run the post-deploy checks] **********************************************
2026-09-22T10:51:03.5941154Z included: deploy_app for docker-host
2026-09-22T10:51:04.1036987Z 
2026-09-22T10:51:04.1037472Z TASK [deploy_app : Wait for the application to report healthy] *****************
2026-09-22T10:51:04.1037668Z ok: [docker-host]
2026-09-22T10:51:04.5111564Z 
2026-09-22T10:51:04.5112036Z TASK [deploy_app : Check readiness] ********************************************
2026-09-22T10:51:04.5112466Z ok: [docker-host]
2026-09-22T10:51:04.8670577Z 
2026-09-22T10:51:04.8671098Z TASK [deploy_app : Ask the running application which commit it was built from] ***
2026-09-22T10:51:04.8671291Z ok: [docker-host]
2026-09-22T10:51:04.8997634Z 
2026-09-22T10:51:04.8998160Z TASK [deploy_app : Assert the deployed version is the one this deploy meant to ship] ***
2026-09-22T10:51:04.8998371Z ok: [docker-host]
2026-09-22T10:51:05.2605632Z 
2026-09-22T10:51:05.2606118Z TASK [deploy_app : Echo a valid payload] ***************************************
2026-09-22T10:51:05.2606320Z ok: [docker-host]
2026-09-22T10:51:05.2950590Z 
2026-09-22T10:51:05.2951184Z TASK [deploy_app : Assert the payload came back intact] ************************
2026-09-22T10:51:05.2951365Z ok: [docker-host]
2026-09-22T10:51:05.6668576Z 
2026-09-22T10:51:05.6669355Z TASK [deploy_app : Assert a wrong Content-Type still returns 400, not 500] *****
2026-09-22T10:51:05.6669644Z ok: [docker-host]
2026-09-22T10:51:06.0314839Z 
2026-09-22T10:51:06.0315500Z TASK [deploy_app : Assert deeply nested JSON never returns 5xx] ****************
2026-09-22T10:51:06.0315701Z ok: [docker-host]
2026-09-22T10:51:06.4093940Z 
2026-09-22T10:51:06.4094438Z TASK [deploy_app : Assert an oversized body is refused with 413, not absorbed] ***
2026-09-22T10:51:06.4094670Z ok: [docker-host]
2026-09-22T10:51:06.4094843Z 
2026-09-22T10:51:06.4097668Z PLAY RECAP *********************************************************************
2026-09-22T10:51:06.4097991Z docker-host                : ok=10   changed=0    unreachable=0    failed=0    skipped=0    rescued=0    ignored=0   
2026-09-22T10:51:06.4099218Z 
2026-09-22T10:51:06.4932340Z MERES accepted 2026-09-22T10:51:06Z
2026-09-22T10:51:06.6403316Z Deployed d63eb00 (previous revision was b390741)
2026-09-22T10:51:06.6404730Z Roll back by hand on the host with: helm rollback projecta
2026-09-22T10:51:06.6713248Z evaluating expression 'success()'
2026-09-22T10:51:06.6713836Z expression 'success()' evaluated to 'true'
2026-09-22T10:51:06.6714066Z ⭐ Run Post Set up Python
2026-09-22T10:51:06.6714353Z Writing entry to tarball workflow/outputcmd.txt len:0
2026-09-22T10:51:06.6714501Z Writing entry to tarball workflow/statecmd.txt len:0
2026-09-22T10:51:06.6714618Z Writing entry to tarball workflow/pathcmd.txt len:0
2026-09-22T10:51:06.6714728Z Writing entry to tarball workflow/envs.txt len:0
2026-09-22T10:51:06.6714812Z Writing entry to tarball workflow/SUMMARY.md len:0
2026-09-22T10:51:06.6714907Z Extracting content to '/var/run/act'
2026-09-22T10:51:06.6736920Z run post step for 'Set up Python'
2026-09-22T10:51:06.6737476Z executing remote job container: [node /var/run/act/actions/8dd8b1aead80a801f9b34ee6d45c001ae20a6c2abfe4c7037c4803578f162558/dist/cache-save/index.js]
2026-09-22T10:51:06.7036904Z   🐳  docker exec cmd=[node /var/run/act/actions/8dd8b1aead80a801f9b34ee6d45c001ae20a6c2abfe4c7037c4803578f162558/dist/cache-save/index.js] user= workdir=
2026-09-22T10:51:06.7037292Z Exec command '[node /var/run/act/actions/8dd8b1aead80a801f9b34ee6d45c001ae20a6c2abfe4c7037c4803578f162558/dist/cache-save/index.js]'
2026-09-22T10:51:06.7037873Z Working directory '/workspace/milan/MilanProjA-Szakdoga'
2026-09-22T10:51:06.8703200Z (node:491) [DEP0040] DeprecationWarning: The `punycode` module is deprecated. Please use a userland alternative instead.
2026-09-22T10:51:06.8703888Z (Use `node --trace-deprecation ...` to show where the warning was created)
2026-09-22T10:51:06.8882741Z [command]/usr/bin/tar --posix -cf cache.tzst --exclude cache.tzst -P -C /workspace/milan/MilanProjA-Szakdoga --files-from manifest.txt --use-compress-program zstdmt
2026-09-22T10:51:06.9417819Z Cache Size: ~3 MB (2635001 B)
2026-09-22T10:51:06.9483116Z Cache saved successfully
2026-09-22T10:51:06.9489438Z Cache saved with the key: setup-python-Linux-x64-24.04-Ubuntu-python-3.12.14-pip-94c521edf4586f05b2ab831524b95038a274dd1a61270bc00fbccaa711815f02
2026-09-22T10:51:06.9546269Z   ✅  Success - Post Set up Python
2026-09-22T10:51:06.9882868Z evaluating expression 'always()'
2026-09-22T10:51:06.9883330Z expression 'always()' evaluated to 'true'
2026-09-22T10:51:06.9883452Z ⭐ Run Post Checkout repository
2026-09-22T10:51:06.9883613Z Writing entry to tarball workflow/outputcmd.txt len:0
2026-09-22T10:51:06.9883845Z Writing entry to tarball workflow/statecmd.txt len:0
2026-09-22T10:51:06.9883953Z Writing entry to tarball workflow/pathcmd.txt len:0
2026-09-22T10:51:06.9884044Z Writing entry to tarball workflow/envs.txt len:0
2026-09-22T10:51:06.9884129Z Writing entry to tarball workflow/SUMMARY.md len:0
2026-09-22T10:51:06.9884218Z Extracting content to '/var/run/act'
2026-09-22T10:51:06.9902647Z run post step for 'Checkout repository'
2026-09-22T10:51:06.9903339Z executing remote job container: [node /var/run/act/actions/c3fe249fe73091a17d6638fe1341e7bd0bcc3466ce52323c0688e83e2463a4ab/dist/index.js]
2026-09-22T10:51:07.0107894Z   🐳  docker exec cmd=[node /var/run/act/actions/c3fe249fe73091a17d6638fe1341e7bd0bcc3466ce52323c0688e83e2463a4ab/dist/index.js] user= workdir=
2026-09-22T10:51:07.0108121Z Exec command '[node /var/run/act/actions/c3fe249fe73091a17d6638fe1341e7bd0bcc3466ce52323c0688e83e2463a4ab/dist/index.js]'
2026-09-22T10:51:07.0108607Z Working directory '/workspace/milan/MilanProjA-Szakdoga'
2026-09-22T10:51:07.1336384Z [command]/usr/bin/git version
2026-09-22T10:51:07.1375445Z git version 2.55.0
2026-09-22T10:51:07.1399213Z ***
2026-09-22T10:51:07.1416863Z Temporarily overriding HOME='/tmp/b51bf93d-e68a-465c-9301-613859fece75' before making global git config changes
2026-09-22T10:51:07.1417663Z Adding repository directory to the temporary git global config as a safe directory
2026-09-22T10:51:07.1426658Z [command]/usr/bin/git config --global --add safe.directory /workspace/milan/MilanProjA-Szakdoga
2026-09-22T10:51:07.1512524Z [command]/usr/bin/git config --local --name-only --get-regexp core\.sshCommand
2026-09-22T10:51:07.1547277Z [command]/usr/bin/git submodule foreach --recursive sh -c "git config --local --name-only --get-regexp 'core\.sshCommand' && git config --local --unset-all 'core.sshCommand' || :"
2026-09-22T10:51:07.1758345Z [command]/usr/bin/git config --local --name-only --get-regexp http\.http\:\/\/gitea\:3000\/\.extraheader
2026-09-22T10:51:07.1781419Z http.http://gitea:3000/.extraheader
2026-09-22T10:51:07.1792105Z [command]/usr/bin/git config --local --unset-all http.http://gitea:3000/.extraheader
2026-09-22T10:51:07.1821315Z [command]/usr/bin/git submodule foreach --recursive sh -c "git config --local --name-only --get-regexp 'http\.http\:\/\/gitea\:3000\/\.extraheader' && git config --local --unset-all 'http.http://gitea:3000/.extraheader' || :"
2026-09-22T10:51:07.2040133Z [command]/usr/bin/git config --local --name-only --get-regexp ^includeIf\.gitdir:
2026-09-22T10:51:07.2073716Z [command]/usr/bin/git submodule foreach --recursive git config --local --show-origin --name-only --get-regexp remote.origin.url
2026-09-22T10:51:07.2355150Z   ✅  Success - Post Checkout repository
2026-09-22T10:51:07.2424947Z Cleaning up container for job deploy
2026-09-22T10:51:07.7868125Z Removed container: 4b5b106575c57abc07e1ebf1463ed15a8e67f1cb25bf144d82c5d215e85145c7
2026-09-22T10:51:07.7877001Z   🐳  docker volume rm GITEA-ACTIONS-TASK-13_WORKFLOW-Pipeline_JOB-deploy
2026-09-22T10:51:07.7989168Z   🐳  docker volume rm GITEA-ACTIONS-TASK-13_WORKFLOW-Pipeline_JOB-deploy-env
2026-09-22T10:51:07.8621171Z 🏁  Job succeeded
