2026-09-23T07:22:23.8480747Z projecta-azure-runner(version:v0.2.12) received task 38 of job deploy, be triggered by event: push
2026-09-23T07:22:23.8485868Z workflow prepared
2026-09-23T07:22:23.8486320Z evaluating expression 'success()'
2026-09-23T07:22:23.8486977Z expression 'success()' evaluated to 'true'
2026-09-23T07:22:23.8487056Z 'runs-on' key not defined in Pipeline/build-test-push
2026-09-23T07:22:23.8487123Z No steps found
2026-09-23T07:22:23.8487758Z evaluating expression 'needs.build-test-push.outputs.ships == 'true''
2026-09-23T07:22:23.8488100Z expression 'needs.build-test-push.outputs.ships == 'true'' evaluated to 'true'
2026-09-23T07:22:23.8488264Z 🚀  Start image=docker.gitea.com/runner-images:ubuntu-latest
2026-09-23T07:22:23.8571012Z   🐳  docker pull image=docker.gitea.com/runner-images:ubuntu-latest platform= username= forcePull=true
2026-09-23T07:22:23.8571242Z   🐳  docker pull docker.gitea.com/runner-images:ubuntu-latest
2026-09-23T07:22:23.8571461Z pulling image 'docker.gitea.com/runner-images:ubuntu-latest' ()
2026-09-23T07:22:25.0538081Z Pulling from runner-images :: ubuntu-latest
2026-09-23T07:22:26.8498974Z Digest: sha256:fd911d7417bfbf0f454530e447da95b58001e1df41bbc5e1a8dd35d432575aae :: 
2026-09-23T07:22:26.8499397Z Status: Image is up to date for docker.gitea.com/runner-images:ubuntu-latest :: 
2026-09-23T07:22:26.8878192Z   🐳  docker create image=docker.gitea.com/runner-images:ubuntu-latest platform= entrypoint=["/bin/sleep" "10800"] cmd=[] network="projecta-platform"
2026-09-23T07:22:27.2978979Z Created container name=GITEA-ACTIONS-TASK-38_WORKFLOW-Pipeline_JOB-deploy id=bcada088fee63d85a277cf191baa49a68a1d34bd3d34d0826a8fc0b274b54340 from image docker.gitea.com/runner-images:ubuntu-latest (platform: )
2026-09-23T07:22:27.2979367Z ENV ==> [RUNNER_TOOL_CACHE=/opt/hostedtoolcache RUNNER_OS=Linux RUNNER_ARCH=X64 RUNNER_TEMP=/tmp LANG=C.UTF-8]
2026-09-23T07:22:27.2979559Z   🐳  docker run image=docker.gitea.com/runner-images:ubuntu-latest platform= entrypoint=["/bin/sleep" "10800"] cmd=[] network="projecta-platform"
2026-09-23T07:22:27.2979691Z Starting container: bcada088fee63d85a277cf191baa49a68a1d34bd3d34d0826a8fc0b274b54340
2026-09-23T07:22:27.4976433Z Started container: bcada088fee63d85a277cf191baa49a68a1d34bd3d34d0826a8fc0b274b54340
2026-09-23T07:22:27.5880389Z Writing entry to tarball workflow/event.json len:5533
2026-09-23T07:22:27.5881496Z Writing entry to tarball workflow/envs.txt len:0
2026-09-23T07:22:27.5881803Z Extracting content to '/var/run/act/'
2026-09-23T07:22:27.6052198Z   ☁  git clone 'https://github.com/actions/checkout' # ref=v4
2026-09-23T07:22:27.6052504Z   cloning https://github.com/actions/checkout to /root/.cache/act/c3fe249fe73091a17d6638fe1341e7bd0bcc3466ce52323c0688e83e2463a4ab
2026-09-23T07:22:28.1361820Z Unable to pull refs/heads/v4: non-fast-forward update
2026-09-23T07:22:28.1362170Z Cloned https://github.com/actions/checkout to /root/.cache/act/c3fe249fe73091a17d6638fe1341e7bd0bcc3466ce52323c0688e83e2463a4ab
2026-09-23T07:22:28.1691898Z Checked out v4
2026-09-23T07:22:28.1801820Z   ☁  git clone 'https://github.com/actions/setup-python' # ref=v5
2026-09-23T07:22:28.1802787Z   cloning https://github.com/actions/setup-python to /root/.cache/act/8dd8b1aead80a801f9b34ee6d45c001ae20a6c2abfe4c7037c4803578f162558
2026-09-23T07:22:28.4813283Z Non-terminating error while running 'git clone': some refs were not updated
2026-09-23T07:22:28.5019491Z evaluating expression ''
2026-09-23T07:22:28.5020280Z expression '' evaluated to 'true'
2026-09-23T07:22:28.5020466Z ⭐ Run Main Checkout repository
2026-09-23T07:22:28.5020634Z Writing entry to tarball workflow/outputcmd.txt len:0
2026-09-23T07:22:28.5020781Z Writing entry to tarball workflow/statecmd.txt len:0
2026-09-23T07:22:28.5020883Z Writing entry to tarball workflow/pathcmd.txt len:0
2026-09-23T07:22:28.5020994Z Writing entry to tarball workflow/envs.txt len:0
2026-09-23T07:22:28.5021133Z Writing entry to tarball workflow/SUMMARY.md len:0
2026-09-23T07:22:28.5021262Z Extracting content to '/var/run/act'
2026-09-23T07:22:28.5149815Z expression '${{ github.repository }}' rewritten to 'format('{0}', github.repository)'
2026-09-23T07:22:28.5150361Z evaluating expression 'format('{0}', github.repository)'
2026-09-23T07:22:28.5150673Z expression 'format('{0}', github.repository)' evaluated to '%!t(string=milan/MilanProjA-Szakdoga)'
2026-09-23T07:22:28.5150867Z expression '${{ github.token }}' rewritten to 'format('{0}', github.token)'
2026-09-23T07:22:28.5151006Z evaluating expression 'format('{0}', github.token)'
2026-09-23T07:22:28.5151197Z expression 'format('{0}', github.token)' evaluated to '%!t(string=***)'
2026-09-23T07:22:28.5151470Z type=remote-action actionDir=/root/.cache/act/c3fe249fe73091a17d6638fe1341e7bd0bcc3466ce52323c0688e83e2463a4ab actionPath= workdir=/workspace/milan/MilanProjA-Szakdoga actionCacheDir=/root/.cache/act actionName=c3fe249fe73091a17d6638fe1341e7bd0bcc3466ce52323c0688e83e2463a4ab containerActionDir=/var/run/act/actions/c3fe249fe73091a17d6638fe1341e7bd0bcc3466ce52323c0688e83e2463a4ab
2026-09-23T07:22:28.5151632Z /var/run/act/actions/c3fe249fe73091a17d6638fe1341e7bd0bcc3466ce52323c0688e83e2463a4ab
2026-09-23T07:22:28.5151891Z Removing /root/.cache/act/c3fe249fe73091a17d6638fe1341e7bd0bcc3466ce52323c0688e83e2463a4ab/.gitignore before docker cp
2026-09-23T07:22:28.5152434Z   🐳  docker cp src=/root/.cache/act/c3fe249fe73091a17d6638fe1341e7bd0bcc3466ce52323c0688e83e2463a4ab/ dst=/var/run/act/actions/c3fe249fe73091a17d6638fe1341e7bd0bcc3466ce52323c0688e83e2463a4ab/
2026-09-23T07:22:28.5153091Z Writing tarball /tmp/act837542282 from /root/.cache/act/c3fe249fe73091a17d6638fe1341e7bd0bcc3466ce52323c0688e83e2463a4ab/
2026-09-23T07:22:28.5153210Z Stripping prefix:/root/.cache/act/c3fe249fe73091a17d6638fe1341e7bd0bcc3466ce52323c0688e83e2463a4ab/ src:/root/.cache/act/c3fe249fe73091a17d6638fe1341e7bd0bcc3466ce52323c0688e83e2463a4ab/
2026-09-23T07:22:28.5926901Z Extracting content from '/tmp/act837542282' to '/var/run/act/actions/c3fe249fe73091a17d6638fe1341e7bd0bcc3466ce52323c0688e83e2463a4ab/'
2026-09-23T07:22:28.7183571Z executing remote job container: [node /var/run/act/actions/c3fe249fe73091a17d6638fe1341e7bd0bcc3466ce52323c0688e83e2463a4ab/dist/index.js]
2026-09-23T07:22:28.7184003Z   🐳  docker exec cmd=[node /var/run/act/actions/c3fe249fe73091a17d6638fe1341e7bd0bcc3466ce52323c0688e83e2463a4ab/dist/index.js] user= workdir=
2026-09-23T07:22:28.7184192Z Exec command '[node /var/run/act/actions/c3fe249fe73091a17d6638fe1341e7bd0bcc3466ce52323c0688e83e2463a4ab/dist/index.js]'
2026-09-23T07:22:28.7184573Z Working directory '/workspace/milan/MilanProjA-Szakdoga'
2026-09-23T07:22:28.8382695Z ::add-matcher::/run/act/actions/c3fe249fe73091a17d6638fe1341e7bd0bcc3466ce52323c0688e83e2463a4ab/dist/problem-matcher.json
2026-09-23T07:22:28.8382932Z ::add-matcher::/run/act/actions/c3fe249fe73091a17d6638fe1341e7bd0bcc3466ce52323c0688e83e2463a4ab/dist/problem-matcher.json
2026-09-23T07:22:28.8386381Z Syncing repository: milan/MilanProjA-Szakdoga
2026-09-23T07:22:28.8390210Z ::group::Getting Git version info
2026-09-23T07:22:28.8391241Z Working directory is '/workspace/milan/MilanProjA-Szakdoga'
2026-09-23T07:22:28.8423237Z [command]/usr/bin/git version
2026-09-23T07:22:28.8471281Z git version 2.55.0
2026-09-23T07:22:28.8498344Z ::endgroup::
2026-09-23T07:22:28.8625815Z Temporarily overriding HOME='/tmp/093d0439-ce32-496a-ab20-2f8ec8c0bb42' before making global git config changes
2026-09-23T07:22:28.8627158Z Adding repository directory to the temporary git global config as a safe directory
2026-09-23T07:22:28.8632187Z [command]/usr/bin/git config --global --add safe.directory /workspace/milan/MilanProjA-Szakdoga
2026-09-23T07:22:28.8666399Z Deleting the contents of '/workspace/milan/MilanProjA-Szakdoga'
2026-09-23T07:22:28.8671028Z ::group::Initializing the repository
2026-09-23T07:22:28.8675216Z [command]/usr/bin/git init /workspace/milan/MilanProjA-Szakdoga
2026-09-23T07:22:28.8716510Z hint: Using 'master' as the name for the initial branch. This default branch name
2026-09-23T07:22:28.8716931Z hint: will change to "main" in Git 3.0. To configure the initial branch name
2026-09-23T07:22:28.8717118Z hint: to use in all of your new repositories, which will suppress this warning,
2026-09-23T07:22:28.8717283Z hint: call:
2026-09-23T07:22:28.8717419Z hint:
2026-09-23T07:22:28.8717566Z hint: 	git config --global init.defaultBranch <name>
2026-09-23T07:22:28.8717753Z hint:
2026-09-23T07:22:28.8717901Z hint: Names commonly chosen instead of 'master' are 'main', 'trunk' and
2026-09-23T07:22:28.8718069Z hint: 'development'. The just-created branch can be renamed via this command:
2026-09-23T07:22:28.8718728Z hint:
2026-09-23T07:22:28.8718891Z hint: 	git branch -m <name>
2026-09-23T07:22:28.8719046Z hint:
2026-09-23T07:22:28.8719279Z hint: Disable this message with "git config set advice.defaultBranchName false"
2026-09-23T07:22:28.8719456Z Initialized empty Git repository in /workspace/milan/MilanProjA-Szakdoga/.git/
2026-09-23T07:22:28.8729914Z [command]/usr/bin/git remote add origin http://gitea:3000/milan/MilanProjA-Szakdoga
2026-09-23T07:22:28.8758713Z ::endgroup::
2026-09-23T07:22:28.8759106Z ::group::Disabling automatic garbage collection
2026-09-23T07:22:28.8762520Z [command]/usr/bin/git config --local gc.auto 0
2026-09-23T07:22:28.8789643Z ::endgroup::
2026-09-23T07:22:28.8790258Z ::group::Setting up auth
2026-09-23T07:22:28.8796073Z [command]/usr/bin/git config --local --name-only --get-regexp core\.sshCommand
2026-09-23T07:22:28.8824323Z [command]/usr/bin/git submodule foreach --recursive sh -c "git config --local --name-only --get-regexp 'core\.sshCommand' && git config --local --unset-all 'core.sshCommand' || :"
2026-09-23T07:22:28.9032421Z [command]/usr/bin/git config --local --name-only --get-regexp http\.http\:\/\/gitea\:3000\/\.extraheader
2026-09-23T07:22:28.9060531Z [command]/usr/bin/git submodule foreach --recursive sh -c "git config --local --name-only --get-regexp 'http\.http\:\/\/gitea\:3000\/\.extraheader' && git config --local --unset-all 'http.http://gitea:3000/.extraheader' || :"
2026-09-23T07:22:28.9325691Z [command]/usr/bin/git config --local --name-only --get-regexp ^includeIf\.gitdir:
2026-09-23T07:22:28.9353987Z [command]/usr/bin/git submodule foreach --recursive git config --local --show-origin --name-only --get-regexp remote.origin.url
2026-09-23T07:22:28.9575111Z [command]/usr/bin/git config --local http.http://gitea:3000/.extraheader AUTHORIZATION: basic ***
2026-09-23T07:22:28.9619373Z ::endgroup::
2026-09-23T07:22:28.9621314Z ::group::Fetching the repository
2026-09-23T07:22:28.9629602Z [command]/usr/bin/git -c protocol.version=2 fetch --no-tags --prune --no-recurse-submodules --depth=1 origin +a9129e64549615f290c86bad0789ffbf12dd5254:refs/remotes/origin/release/meres-hiba
2026-09-23T07:22:29.3987179Z From http://gitea:3000/milan/MilanProjA-Szakdoga
2026-09-23T07:22:29.3987653Z  * [new ref]         a9129e64549615f290c86bad0789ffbf12dd5254 -> origin/release/meres-hiba
2026-09-23T07:22:29.3994748Z ::endgroup::
2026-09-23T07:22:29.3995091Z ::group::Determining the checkout info
2026-09-23T07:22:29.3997512Z ::endgroup::
2026-09-23T07:22:29.4002157Z [command]/usr/bin/git sparse-checkout disable
2026-09-23T07:22:29.4034355Z [command]/usr/bin/git config --local --unset-all extensions.worktreeConfig
2026-09-23T07:22:29.4059156Z ::group::Checking out the ref
2026-09-23T07:22:29.4062202Z [command]/usr/bin/git checkout --progress --force -B release/meres-hiba refs/remotes/origin/release/meres-hiba
2026-09-23T07:22:29.4669021Z Switched to a new branch 'release/meres-hiba'
2026-09-23T07:22:29.4672132Z branch 'release/meres-hiba' set up to track 'origin/release/meres-hiba'.
2026-09-23T07:22:29.4681058Z ::endgroup::
2026-09-23T07:22:29.4718773Z [command]/usr/bin/git log -1 --format=%H
2026-09-23T07:22:29.4747576Z a9129e64549615f290c86bad0789ffbf12dd5254
2026-09-23T07:22:29.4762476Z ::remove-matcher owner=checkout-git::
2026-09-23T07:22:29.9154348Z ::group::Installed versions
2026-09-23T07:22:29.9203786Z (node:141) [DEP0040] DeprecationWarning: The `punycode` module is deprecated. Please use a userland alternative instead.
2026-09-23T07:22:29.9204225Z (Use `node --trace-deprecation ...` to show where the warning was created)
2026-09-23T07:22:29.9206468Z Successfully set up CPython (3.12.14)
2026-09-23T07:22:29.9207032Z ::endgroup::
2026-09-23T07:22:29.9475113Z [command]/opt/hostedtoolcache/Python/3.12.14/x64/bin/pip cache dir
2026-09-23T07:22:30.1613849Z /root/.cache/pip
2026-09-23T07:22:30.2308546Z Cache Size: ~3 MB (2634937 B)
2026-09-23T07:22:30.2328852Z [command]/usr/bin/tar -xf /tmp/3353b6e1-e204-435a-a5ef-18f939b94ea3/cache.tzst -P -C /workspace/milan/MilanProjA-Szakdoga --use-compress-program unzstd
2026-09-23T07:22:30.2495599Z Cache restored successfully
2026-09-23T07:22:30.2503242Z Cache restored from key: setup-python-linux-x64-24.04-ubuntu-python-3.12.14-pip-94c521edf4586f05b2ab831524b95038a274dd1a61270bc00fbccaa711815f02
2026-09-23T07:22:30.2505870Z ##[add-matcher]/run/act/actions/8dd8b1aead80a801f9b34ee6d45c001ae20a6c2abfe4c7037c4803578f162558/.github/python.json
2026-09-23T07:22:30.6978512Z Requirement already satisfied: pip in /opt/hostedtoolcache/Python/3.12.14/x64/lib/python3.12/site-packages (26.1.2)
2026-09-23T07:22:30.8561831Z Collecting pip
2026-09-23T07:22:30.8579901Z   Using cached pip-26.2.1-py3-none-any.whl.metadata (4.6 kB)
2026-09-23T07:22:30.8612324Z Using cached pip-26.2.1-py3-none-any.whl (1.8 MB)
2026-09-23T07:22:30.9166627Z Installing collected packages: pip
2026-09-23T07:22:30.9167920Z   Attempting uninstall: pip
2026-09-23T07:22:30.9187953Z     Found existing installation: pip 26.1.2
2026-09-23T07:22:30.9499624Z     Uninstalling pip-26.1.2:
2026-09-23T07:22:30.9559329Z       Successfully uninstalled pip-26.1.2
2026-09-23T07:22:31.8068692Z Successfully installed pip-26.2.1
2026-09-23T07:22:31.8070168Z WARNING: Running pip as the 'root' user can result in broken permissions and conflicting behaviour with the system package manager, possibly rendering your system unusable. It is recommended to use a virtual environment instead: https://pip.pypa.io/warnings/venv. Use the --root-user-action option if you know what you are doing and want to suppress this warning.
2026-09-23T07:22:32.1823262Z Requirement already satisfied: ansible-core==2.21.2 in /opt/hostedtoolcache/Python/3.12.14/x64/lib/python3.12/site-packages (from -r ansible/requirements-ansible.txt (line 7)) (2.21.2)
2026-09-23T07:22:32.1830387Z Requirement already satisfied: certifi==2026.7.22 in /opt/hostedtoolcache/Python/3.12.14/x64/lib/python3.12/site-packages (from -r ansible/requirements-ansible.txt (line 11)) (2026.7.22)
2026-09-23T07:22:32.1834968Z Requirement already satisfied: cffi==2.1.0 in /opt/hostedtoolcache/Python/3.12.14/x64/lib/python3.12/site-packages (from -r ansible/requirements-ansible.txt (line 15)) (2.1.0)
2026-09-23T07:22:32.1839531Z Requirement already satisfied: charset-normalizer==3.4.9 in /opt/hostedtoolcache/Python/3.12.14/x64/lib/python3.12/site-packages (from -r ansible/requirements-ansible.txt (line 117)) (3.4.9)
2026-09-23T07:22:32.1844189Z Requirement already satisfied: cryptography==50.0.0 in /opt/hostedtoolcache/Python/3.12.14/x64/lib/python3.12/site-packages (from -r ansible/requirements-ansible.txt (line 212)) (50.0.0)
2026-09-23T07:22:32.1849071Z Requirement already satisfied: idna==3.18 in /opt/hostedtoolcache/Python/3.12.14/x64/lib/python3.12/site-packages (from -r ansible/requirements-ansible.txt (line 260)) (3.18)
2026-09-23T07:22:32.1853839Z Requirement already satisfied: jinja2==3.1.6 in /opt/hostedtoolcache/Python/3.12.14/x64/lib/python3.12/site-packages (from -r ansible/requirements-ansible.txt (line 264)) (3.1.6)
2026-09-23T07:22:32.1858533Z Requirement already satisfied: markupsafe==3.0.3 in /opt/hostedtoolcache/Python/3.12.14/x64/lib/python3.12/site-packages (from -r ansible/requirements-ansible.txt (line 268)) (3.0.3)
2026-09-23T07:22:32.1862921Z Requirement already satisfied: packaging==26.2 in /opt/hostedtoolcache/Python/3.12.14/x64/lib/python3.12/site-packages (from -r ansible/requirements-ansible.txt (line 359)) (26.2)
2026-09-23T07:22:32.1867719Z Requirement already satisfied: pycparser==3.0 in /opt/hostedtoolcache/Python/3.12.14/x64/lib/python3.12/site-packages (from -r ansible/requirements-ansible.txt (line 363)) (3.0)
2026-09-23T07:22:32.1872104Z Requirement already satisfied: pyyaml==6.0.3 in /opt/hostedtoolcache/Python/3.12.14/x64/lib/python3.12/site-packages (from -r ansible/requirements-ansible.txt (line 367)) (6.0.3)
2026-09-23T07:22:32.1876612Z Requirement already satisfied: requests==2.33.0 in /opt/hostedtoolcache/Python/3.12.14/x64/lib/python3.12/site-packages (from -r ansible/requirements-ansible.txt (line 442)) (2.33.0)
2026-09-23T07:22:32.1881377Z Requirement already satisfied: resolvelib==1.2.1 in /opt/hostedtoolcache/Python/3.12.14/x64/lib/python3.12/site-packages (from -r ansible/requirements-ansible.txt (line 446)) (1.2.1)
2026-09-23T07:22:32.1885730Z Requirement already satisfied: urllib3==2.7.0 in /opt/hostedtoolcache/Python/3.12.14/x64/lib/python3.12/site-packages (from -r ansible/requirements-ansible.txt (line 450)) (2.7.0)
2026-09-23T07:22:32.2629388Z WARNING: Running pip as the 'root' user can result in broken permissions and conflicting behaviour with the system package manager, possibly rendering your system unusable. It is recommended to use a virtual environment instead: https://pip.pypa.io/warnings/venv. Use the --root-user-action option if you know what you are doing and want to suppress this warning.
2026-09-23T07:22:32.4491850Z Docker host reachable at 172.18.0.1
2026-09-23T07:22:35.4103562Z currently deployed: e4da1d9
2026-09-23T07:22:35.5397264Z MERES deploy-start 2026-09-23T07:22:35Z
2026-09-23T07:22:56.7140811Z Release "projecta" has been upgraded. Happy Helming!
2026-09-23T07:22:56.7141349Z NAME: projecta
2026-09-23T07:22:56.7141520Z LAST DEPLOYED: Wed Sep 23 07:22:36 2026
2026-09-23T07:22:56.7141694Z NAMESPACE: default
2026-09-23T07:22:56.7141853Z STATUS: deployed
2026-09-23T07:22:56.7141992Z REVISION: 36
2026-09-23T07:22:56.7142117Z TEST SUITE: None
2026-09-23T07:22:57.2035925Z MERES live 2026-09-23T07:22:57Z
2026-09-23T07:22:57.8538212Z 
2026-09-23T07:22:57.8538913Z PLAY [Verify a deployed Project A] *********************************************
2026-09-23T07:22:57.8897645Z 
2026-09-23T07:22:57.8898241Z TASK [Run the post-deploy checks] **********************************************
2026-09-23T07:22:57.8898474Z included: deploy_app for docker-host
2026-09-23T07:22:58.3806891Z 
2026-09-23T07:22:58.3807575Z TASK [deploy_app : Wait for the application to report healthy] *****************
2026-09-23T07:22:58.3807771Z ok: [docker-host]
2026-09-23T07:22:58.7493023Z 
2026-09-23T07:22:58.7493744Z TASK [deploy_app : Check readiness] ********************************************
2026-09-23T07:22:58.7493943Z ok: [docker-host]
2026-09-23T07:22:59.1111750Z 
2026-09-23T07:22:59.1112203Z TASK [deploy_app : Ask the running application which commit it was built from] ***
2026-09-23T07:22:59.1112690Z ok: [docker-host]
2026-09-23T07:22:59.1492605Z 
2026-09-23T07:22:59.1493142Z TASK [deploy_app : Assert the deployed version is the one this deploy meant to ship] ***
2026-09-23T07:22:59.1493419Z ok: [docker-host]
2026-09-23T07:22:59.5344771Z 
2026-09-23T07:22:59.5345123Z TASK [deploy_app : Echo a valid payload] ***************************************
2026-09-23T07:22:59.5345269Z [ERROR]: Task failed: Module failed: Status code was 500 and not [200]: HTTP Error 500: Internal Server Error
2026-09-23T07:22:59.5345513Z Origin: /workspace/milan/MilanProjA-Szakdoga/ansible/roles/deploy_app/tasks/smoke.yml:50:3
2026-09-23T07:22:59.5345678Z 
2026-09-23T07:22:59.5345808Z 48     quiet: true
2026-09-23T07:22:59.5345930Z 49
2026-09-23T07:22:59.5346115Z 50 - name: Echo a valid payload
2026-09-23T07:22:59.5346255Z      ^ column 3
2026-09-23T07:22:59.5346381Z 
2026-09-23T07:22:59.5346552Z fatal: [docker-host]: FAILED! => {"changed": false, "changed_when_result": false, "connection": "close", "content_length": "27", "content_type": "application/json", "date": "Wed, 23 Sep 2026 07:22:59 GMT", "elapsed": 0, "json": {"error": "internal error"}, "msg": "Status code was 500 and not [200]: HTTP Error 500: Internal Server Error", "redirected": false, "server": "nginx", "status": 500, "url": "http://172.18.0.1/api/echo", "x_request_id": "55d46026f8c45703af6eb58d60283808"}
2026-09-23T07:22:59.5346821Z 
2026-09-23T07:22:59.5346956Z PLAY RECAP *********************************************************************
2026-09-23T07:22:59.5347125Z docker-host                : ok=5    changed=0    unreachable=0    failed=1    skipped=0    rescued=0    ignored=0   
2026-09-23T07:22:59.5347303Z 
2026-09-23T07:22:59.5957483Z MERES detect 2026-09-23T07:22:59Z
2026-09-23T07:22:59.5971251Z   ❌  Failure - Main Verify the deployed release
2026-09-23T07:22:59.6047081Z exitcode '1': failure
2026-09-23T07:23:18.9756557Z Rollback was a success! Happy Helming!
2026-09-23T07:23:20.0494271Z 
2026-09-23T07:23:20.0494874Z PLAY [Verify a deployed Project A] *********************************************
2026-09-23T07:23:20.1219532Z 
2026-09-23T07:23:20.1220010Z TASK [Run the post-deploy checks] **********************************************
2026-09-23T07:23:20.1220484Z included: deploy_app for docker-host
2026-09-23T07:23:20.6612662Z 
2026-09-23T07:23:20.6613200Z TASK [deploy_app : Wait for the application to report healthy] *****************
2026-09-23T07:23:20.6613405Z ok: [docker-host]
2026-09-23T07:23:21.0195664Z 
2026-09-23T07:23:21.0196134Z TASK [deploy_app : Check readiness] ********************************************
2026-09-23T07:23:21.0196322Z ok: [docker-host]
2026-09-23T07:23:21.3861060Z 
2026-09-23T07:23:21.3862119Z TASK [deploy_app : Ask the running application which commit it was built from] ***
2026-09-23T07:23:21.3862329Z ok: [docker-host]
2026-09-23T07:23:21.4217914Z 
2026-09-23T07:23:21.4218818Z TASK [deploy_app : Assert the deployed version is the one this deploy meant to ship] ***
2026-09-23T07:23:21.4219083Z ok: [docker-host]
2026-09-23T07:23:21.7831965Z 
2026-09-23T07:23:21.7832503Z TASK [deploy_app : Echo a valid payload] ***************************************
2026-09-23T07:23:21.7832714Z ok: [docker-host]
2026-09-23T07:23:21.8163932Z 
2026-09-23T07:23:21.8164421Z TASK [deploy_app : Assert the payload came back intact] ************************
2026-09-23T07:23:21.8164669Z ok: [docker-host]
2026-09-23T07:23:22.1705545Z 
2026-09-23T07:23:22.1706092Z TASK [deploy_app : Assert a wrong Content-Type still returns 400, not 500] *****
2026-09-23T07:23:22.1706322Z ok: [docker-host]
2026-09-23T07:23:22.5227511Z 
2026-09-23T07:23:22.5228139Z TASK [deploy_app : Assert deeply nested JSON never returns 5xx] ****************
2026-09-23T07:23:22.5228405Z ok: [docker-host]
2026-09-23T07:23:22.8922568Z 
2026-09-23T07:23:22.8923059Z TASK [deploy_app : Assert an oversized body is refused with 413, not absorbed] ***
2026-09-23T07:23:22.8923267Z ok: [docker-host]
2026-09-23T07:23:22.8923502Z 
2026-09-23T07:23:22.8923652Z PLAY RECAP *********************************************************************
2026-09-23T07:23:22.8923828Z docker-host                : ok=10   changed=0    unreachable=0    failed=0    skipped=0    rescued=0    ignored=0   
2026-09-23T07:23:22.8924005Z 
2026-09-23T07:23:22.9550969Z MERES restored 2026-09-23T07:23:22Z
2026-09-23T07:23:23.0111266Z evaluating expression 'success()'
2026-09-23T07:23:23.0111722Z expression 'success()' evaluated to 'false'
2026-09-23T07:23:23.0111874Z Skipping step 'Set up Python' due to 'success()'
2026-09-23T07:23:23.0310966Z evaluating expression 'always()'
2026-09-23T07:23:23.0311773Z expression 'always()' evaluated to 'true'
2026-09-23T07:23:23.0312100Z ⭐ Run Post Checkout repository
2026-09-23T07:23:23.0312434Z Writing entry to tarball workflow/outputcmd.txt len:0
2026-09-23T07:23:23.0312890Z Writing entry to tarball workflow/statecmd.txt len:0
2026-09-23T07:23:23.0313138Z Writing entry to tarball workflow/pathcmd.txt len:0
2026-09-23T07:23:23.0313337Z Writing entry to tarball workflow/envs.txt len:0
2026-09-23T07:23:23.0313630Z Writing entry to tarball workflow/SUMMARY.md len:0
2026-09-23T07:23:23.0313976Z Extracting content to '/var/run/act'
2026-09-23T07:23:23.0385025Z run post step for 'Checkout repository'
2026-09-23T07:23:23.0385910Z executing remote job container: [node /var/run/act/actions/c3fe249fe73091a17d6638fe1341e7bd0bcc3466ce52323c0688e83e2463a4ab/dist/index.js]
2026-09-23T07:23:23.0723253Z   🐳  docker exec cmd=[node /var/run/act/actions/c3fe249fe73091a17d6638fe1341e7bd0bcc3466ce52323c0688e83e2463a4ab/dist/index.js] user= workdir=
2026-09-23T07:23:23.0723624Z Exec command '[node /var/run/act/actions/c3fe249fe73091a17d6638fe1341e7bd0bcc3466ce52323c0688e83e2463a4ab/dist/index.js]'
2026-09-23T07:23:23.0724426Z Working directory '/workspace/milan/MilanProjA-Szakdoga'
2026-09-23T07:23:23.2107116Z [command]/usr/bin/git version
2026-09-23T07:23:23.2145138Z git version 2.55.0
2026-09-23T07:23:23.2166956Z ***
2026-09-23T07:23:23.2181927Z Temporarily overriding HOME='/tmp/185d09b4-86e2-4532-992f-b403b5479168' before making global git config changes
2026-09-23T07:23:23.2185512Z Adding repository directory to the temporary git global config as a safe directory
2026-09-23T07:23:23.2188130Z [command]/usr/bin/git config --global --add safe.directory /workspace/milan/MilanProjA-Szakdoga
2026-09-23T07:23:23.2224438Z [command]/usr/bin/git config --local --name-only --get-regexp core\.sshCommand
2026-09-23T07:23:23.2259280Z [command]/usr/bin/git submodule foreach --recursive sh -c "git config --local --name-only --get-regexp 'core\.sshCommand' && git config --local --unset-all 'core.sshCommand' || :"
2026-09-23T07:23:23.2463359Z [command]/usr/bin/git config --local --name-only --get-regexp http\.http\:\/\/gitea\:3000\/\.extraheader
2026-09-23T07:23:23.2484302Z http.http://gitea:3000/.extraheader
2026-09-23T07:23:23.2495260Z [command]/usr/bin/git config --local --unset-all http.http://gitea:3000/.extraheader
2026-09-23T07:23:23.2523940Z [command]/usr/bin/git submodule foreach --recursive sh -c "git config --local --name-only --get-regexp 'http\.http\:\/\/gitea\:3000\/\.extraheader' && git config --local --unset-all 'http.http://gitea:3000/.extraheader' || :"
2026-09-23T07:23:23.2716796Z [command]/usr/bin/git config --local --name-only --get-regexp ^includeIf\.gitdir:
2026-09-23T07:23:23.2743610Z [command]/usr/bin/git submodule foreach --recursive git config --local --show-origin --name-only --get-regexp remote.origin.url
2026-09-23T07:23:23.3026113Z   ✅  Success - Post Checkout repository
2026-09-23T07:23:23.3098610Z Cleaning up container for job deploy
2026-09-23T07:23:23.9532809Z Removed container: bcada088fee63d85a277cf191baa49a68a1d34bd3d34d0826a8fc0b274b54340
2026-09-23T07:23:23.9545925Z   🐳  docker volume rm GITEA-ACTIONS-TASK-38_WORKFLOW-Pipeline_JOB-deploy
2026-09-23T07:23:23.9844980Z   🐳  docker volume rm GITEA-ACTIONS-TASK-38_WORKFLOW-Pipeline_JOB-deploy-env
2026-09-23T07:23:24.0597020Z 🏁  Job failed
2026-09-23T07:23:24.0702862Z Job 'deploy' failed
