[1mRollback drill · 2026-07-31T10:36:57+02:00[0m
[2mrepo:       /Users/takacsmilan/Documents/TCS-ProjectWork/Milan-ProjectA[0m
[2mtranscript: /Users/takacsmilan/Documents/TCS-ProjectWork/Milan-ProjectA/docs/rollback-drill-20260731-103657.log[0m

[1m══ 0 · Preflight ══[0m
[2mpreflight ok[0m

[1m══ 1 · Record the current good SHA ══[0m
running image:  localhost:5001/projecta-flask:fbc1254eac5f72f0584fb48c29ecae2ac73f3f1a
version label:  fbc1254eac5f72f0584fb48c29ecae2ac73f3f1a

registry tags:
{"name":"projecta-flask","tags":["60c19ab0519338afc1a20a121ffe9cc46c063dfc","b4f225a01fc442bd304f0114f9d0dbf82b74768e","f002a45ae0ae56e2e805e7cfb72e3855a977cf7e","05adb114defe6d796a07db66128532b0cf4e8dc7","5798da128a96b9816eddb87f683e30be5992e7f9","fbc1254eac5f72f0584fb48c29ecae2ac73f3f1a","e34075f3f013a69d8a932f30a6a69ad2466dcfd5","51656bc2582cb4021cff7d31e96f99b77ebe29dc","feb735ac88903388bbad60dbae7949ea28f27f11","ecf9612170ecb15154b92c468e6e144450a01773","03ee96bc5db93e4aff5b3502fecdd7f32183abfb","5403d391e0d2314c0c58d1a147424e77dc981656","c24da97419c1a8e6c1329fb5e0904b04717edb77","58861885bb6cb77726d6e14481eafa33781afefb","8ed9885e927e02d3228e332ebc56409248bdd03f","bb471f598b45c002a4173859ba68a99fe66c9816","3a68d01aea925c55b727850d80f2db7aac26f664","f01ed264067e5014d30d27144abef979cc225966","067d88bbd592482cb2c3c956199f5478afe00788","e7e7d7bbe76364e53b28796a0d977a8a6191bd5f","8c35659ef2cb66cea57379062228388ba4685947","fc935de68640d6645c143928d3f06218919abd3c","48bb05da605dc26877e4a2a6dba2c37e60d281f9"]}


→ rollback target: fbc1254eac5f72f0584fb48c29ecae2ac73f3f1a

health before the drill:
{"status":"UP"}
  → HTTP 200

[1m══ 2 · Build the broken image (deadbee) ══[0m
patched /health to return 500
 app/app.py | 2 +-
 1 file changed, 1 insertion(+), 1 deletion(-)

#0 building with "desktop-linux" instance using docker driver

#1 [internal] load build definition from Dockerfile
#1 transferring dockerfile: 1.06kB done
#1 DONE 0.0s

#2 [internal] load metadata for docker.io/library/python:3.12-slim@sha256:57cd7c3a7a273101a6485ba99423ee568157882804b1124b4dd04266317710de
#2 DONE 0.0s

#3 [internal] load .dockerignore
#3 transferring context: 157B done
#3 DONE 0.0s

#4 [builder 1/4] FROM docker.io/library/python:3.12-slim@sha256:57cd7c3a7a273101a6485ba99423ee568157882804b1124b4dd04266317710de
#4 resolve docker.io/library/python:3.12-slim@sha256:57cd7c3a7a273101a6485ba99423ee568157882804b1124b4dd04266317710de 0.0s done
#4 DONE 0.0s

#5 [internal] load build context
#5 transferring context: 14.57kB done
#5 DONE 0.0s

#6 [builder 3/4] COPY requirements.txt .
#6 CACHED

#7 [builder 4/4] RUN pip install --no-cache-dir --require-hashes --prefix=/install -r requirements.txt
#7 CACHED

#8 [runtime 3/5] WORKDIR /app
#8 CACHED

#9 [builder 2/4] WORKDIR /app
#9 CACHED

#10 [runtime 2/5] RUN useradd --create-home --uid 10001 appuser
#10 CACHED

#11 [runtime 4/5] COPY --from=builder /install /usr/local
#11 CACHED

#12 [runtime 5/5] COPY app/ ./app/
#12 DONE 0.0s

#13 exporting to image
#13 exporting layers 0.0s done
#13 exporting manifest sha256:6b8c501e97fa850a4eb66ac7378af0c217f75a5f07460cacaf9860c002cba03a done
#13 exporting config sha256:cfc27e8ec4a5a527b86467c5ef0ed42212e89a3afccb136d33a8740e4655c460 done
#13 exporting attestation manifest sha256:7730b3e09b4fd695db3cf63fb2c91aff68ddb4e21cd716d948b0c04a9d3ddb51 done
#13 exporting manifest list sha256:252fe33f01486a88a42f3758abc82cd3a1e9f99f11f0f77baf92d3aa025f7bcc done
#13 naming to localhost:5001/projecta-flask:deadbee done
#13 unpacking to localhost:5001/projecta-flask:deadbee done
#13 DONE 0.1s

View build details: docker-desktop://dashboard/build/desktop-linux/desktop-linux/5nxnkbf0vk3rxan8s6rfugt98
The push refers to repository [localhost:5001/projecta-flask]
43a1349473f3: Waiting
81e9e946b66c: Waiting
24f7bbccee2e: Waiting
b04a115a2ff0: Waiting
5a2b5e279920: Waiting
e11779a4584d: Waiting
d8ee943bca38: Waiting
ba2b6cc1d0cb: Waiting
59f54fbcd984: Waiting
59f54fbcd984: Waiting
43a1349473f3: Waiting
81e9e946b66c: Waiting
24f7bbccee2e: Waiting
b04a115a2ff0: Waiting
5a2b5e279920: Waiting
e11779a4584d: Waiting
d8ee943bca38: Waiting
ba2b6cc1d0cb: Waiting
81e9e946b66c: Waiting
24f7bbccee2e: Waiting
b04a115a2ff0: Waiting
5a2b5e279920: Waiting
e11779a4584d: Waiting
d8ee943bca38: Waiting
ba2b6cc1d0cb: Waiting
59f54fbcd984: Waiting
43a1349473f3: Waiting
43a1349473f3: Waiting
81e9e946b66c: Waiting
24f7bbccee2e: Waiting
b04a115a2ff0: Waiting
5a2b5e279920: Waiting
e11779a4584d: Waiting
d8ee943bca38: Waiting
ba2b6cc1d0cb: Waiting
59f54fbcd984: Waiting
ba2b6cc1d0cb: Waiting
59f54fbcd984: Waiting
43a1349473f3: Waiting
81e9e946b66c: Waiting
24f7bbccee2e: Waiting
b04a115a2ff0: Waiting
5a2b5e279920: Waiting
e11779a4584d: Waiting
d8ee943bca38: Waiting
43a1349473f3: Waiting
81e9e946b66c: Waiting
24f7bbccee2e: Waiting
b04a115a2ff0: Waiting
5a2b5e279920: Waiting
e11779a4584d: Waiting
d8ee943bca38: Waiting
ba2b6cc1d0cb: Waiting
59f54fbcd984: Waiting
ba2b6cc1d0cb: Layer already exists
59f54fbcd984: Layer already exists
43a1349473f3: Pushed
81e9e946b66c: Pushed
24f7bbccee2e: Layer already exists
b04a115a2ff0: Layer already exists
5a2b5e279920: Layer already exists
e11779a4584d: Layer already exists
d8ee943bca38: Layer already exists
deadbee: digest: sha256:252fe33f01486a88a42f3758abc82cd3a1e9f99f11f0f77baf92d3aa025f7bcc size: 856

source restored:
(no output above = working tree clean)

[1m══ 3 · Deploy the broken image — expecting the smoke test to fail the deploy ══[0m

PLAY [Deploy Project A] ********************************************************

TASK [deploy_app : Assert a deployable app_version was supplied] ***************
ok: [docker-host]

TASK [deploy_app : Record what is running now, so a failure can name its own rollback] ***
ok: [docker-host]

TASK [deploy_app : Derive the previous version tag] ****************************
ok: [docker-host]

TASK [deploy_app : Pull the image CI built] ************************************
ok: [docker-host]

TASK [deploy_app : Run the container] ******************************************
--- before
+++ after
@@ -1,10 +1,10 @@
 {
-    "image": "sha256:bca4ce34865a70abe10baeee5440d5c9d026e6c06f7f076bf0553e26822c5b94",
-    "image_name": "localhost:5001/projecta-flask:fbc1254eac5f72f0584fb48c29ecae2ac73f3f1a",
+    "image": "sha256:252fe33f01486a88a42f3758abc82cd3a1e9f99f11f0f77baf92d3aa025f7bcc",
+    "image_name": "localhost:5001/projecta-flask:deadbee",
     "labels": {
         "app": "projecta-flask",
         "managed-by": "ansible",
-        "version": "fbc1254eac5f72f0584fb48c29ecae2ac73f3f1a"
+        "version": "deadbee"
     },
     "running": true
 }

changed: [docker-host]

TASK [deploy_app : Verify the deployed container] ******************************
included: /Users/takacsmilan/Documents/TCS-ProjectWork/Milan-ProjectA/ansible/roles/deploy_app/tasks/smoke.yml for docker-host
FAILED - RETRYING: [docker-host]: deploy_app : Wait for the application to report healthy (9 retries left).
FAILED - RETRYING: [docker-host]: deploy_app : Wait for the application to report healthy (8 retries left).
FAILED - RETRYING: [docker-host]: deploy_app : Wait for the application to report healthy (7 retries left).
FAILED - RETRYING: [docker-host]: deploy_app : Wait for the application to report healthy (6 retries left).
FAILED - RETRYING: [docker-host]: deploy_app : Wait for the application to report healthy (5 retries left).
FAILED - RETRYING: [docker-host]: deploy_app : Wait for the application to report healthy (4 retries left).
FAILED - RETRYING: [docker-host]: deploy_app : Wait for the application to report healthy (3 retries left).
FAILED - RETRYING: [docker-host]: deploy_app : Wait for the application to report healthy (2 retries left).
FAILED - RETRYING: [docker-host]: deploy_app : Wait for the application to report healthy (1 retries left).
FAILED - RETRYING: [docker-host]: deploy_app : Wait for the application to report healthy (0 retries left).

TASK [deploy_app : Wait for the application to report healthy] *****************
[ERROR]: Task failed: Module failed: Status code was 500 and not [200]: HTTP Error 500: INTERNAL SERVER ERROR
Origin: /Users/takacsmilan/Documents/TCS-ProjectWork/Milan-ProjectA/ansible/roles/deploy_app/tasks/smoke.yml:7:3

5 # agree on what "healthy" means.
6
7 - name: Wait for the application to report healthy
    ^ column 3

fatal: [docker-host]: FAILED! => {"attempts": 10, "changed": false, "changed_when_result": false, "connection": "close", "content_length": "18", "content_type": "application/json", "date": "Fri, 31 Jul 2026 08:37:26 GMT", "elapsed": 0, "json": {"status": "DOWN"}, "msg": "Status code was 500 and not [200]: HTTP Error 500: INTERNAL SERVER ERROR", "redirected": false, "server": "gunicorn", "status": 500, "url": "http://localhost:8000/health"}

TASK [deploy_app : Capture the last log lines so the failure is diagnosable] ***
ok: [docker-host]

TASK [deploy_app : Fail the deploy and name the way back] **********************
[ERROR]: Task failed: Action failed: Deploy of deadbee failed verification. The container was
left running for inspection — it did not pass its checks, so do not
treat it as live.

Roll back:
  ansible-playbook playbooks/deploy.yml -e app_version=fbc1254eac5f72f0584fb48c29ecae2ac73f3f1a

Last 50 log lines from projecta-flask:
192.168.65.1 - - [31/Jul/2026:08:37:05 +0000] "GET /health HTTP/1.1" 500 18 "-" "ansible-httpget"
192.168.65.1 - - [31/Jul/2026:08:37:08 +0000] "GET /health HTTP/1.1" 500 18 "-" "ansible-httpget"
127.0.0.1 - - [31/Jul/2026:08:37:08 +0000] "GET /health HTTP/1.1" 500 18 "-" "Python-urllib/3.12"
192.168.65.1 - - [31/Jul/2026:08:37:10 +0000] "GET /health HTTP/1.1" 500 18 "-" "ansible-httpget"
192.168.65.1 - - [31/Jul/2026:08:37:12 +0000] "GET /health HTTP/1.1" 500 18 "-" "ansible-httpget"
192.168.65.1 - - [31/Jul/2026:08:37:15 +0000] "GET /health HTTP/1.1" 500 18 "-" "ansible-httpget"
192.168.65.1 - - [31/Jul/2026:08:37:17 +0000] "GET /health HTTP/1.1" 500 18 "-" "ansible-httpget"
127.0.0.1 - - [31/Jul/2026:08:37:18 +0000] "GET /health HTTP/1.1" 500 18 "-" "Python-urllib/3.12"
192.168.65.1 - - [31/Jul/2026:08:37:19 +0000] "GET /health HTTP/1.1" 500 18 "-" "ansible-httpget"
192.168.65.1 - - [31/Jul/2026:08:37:22 +0000] "GET /health HTTP/1.1" 500 18 "-" "ansible-httpget"
192.168.65.1 - - [31/Jul/2026:08:37:24 +0000] "GET /health HTTP/1.1" 500 18 "-" "ansible-httpget"
192.168.65.1 - - [31/Jul/2026:08:37:26 +0000] "GET /health HTTP/1.1" 500 18 "-" "ansible-httpget"

Origin: /Users/takacsmilan/Documents/TCS-ProjectWork/Milan-ProjectA/ansible/roles/deploy_app/tasks/main.yml:79:7

77       failed_when: false
78
79     - name: Fail the deploy and name the way back
         ^ column 7

fatal: [docker-host]: FAILED! => {"changed": false, "msg": "Deploy of deadbee failed verification. The container was\nleft running for inspection — it did not pass its checks, so do not\ntreat it as live.\n\nRoll back:\n  ansible-playbook playbooks/deploy.yml -e app_version=fbc1254eac5f72f0584fb48c29ecae2ac73f3f1a\n\nLast 50 log lines from projecta-flask:\n192.168.65.1 - - [31/Jul/2026:08:37:05 +0000] \"GET /health HTTP/1.1\" 500 18 \"-\" \"ansible-httpget\"\n192.168.65.1 - - [31/Jul/2026:08:37:08 +0000] \"GET /health HTTP/1.1\" 500 18 \"-\" \"ansible-httpget\"\n127.0.0.1 - - [31/Jul/2026:08:37:08 +0000] \"GET /health HTTP/1.1\" 500 18 \"-\" \"Python-urllib/3.12\"\n192.168.65.1 - - [31/Jul/2026:08:37:10 +0000] \"GET /health HTTP/1.1\" 500 18 \"-\" \"ansible-httpget\"\n192.168.65.1 - - [31/Jul/2026:08:37:12 +0000] \"GET /health HTTP/1.1\" 500 18 \"-\" \"ansible-httpget\"\n192.168.65.1 - - [31/Jul/2026:08:37:15 +0000] \"GET /health HTTP/1.1\" 500 18 \"-\" \"ansible-httpget\"\n192.168.65.1 - - [31/Jul/2026:08:37:17 +0000] \"GET /health HTTP/1.1\" 500 18 \"-\" \"ansible-httpget\"\n127.0.0.1 - - [31/Jul/2026:08:37:18 +0000] \"GET /health HTTP/1.1\" 500 18 \"-\" \"Python-urllib/3.12\"\n192.168.65.1 - - [31/Jul/2026:08:37:19 +0000] \"GET /health HTTP/1.1\" 500 18 \"-\" \"ansible-httpget\"\n192.168.65.1 - - [31/Jul/2026:08:37:22 +0000] \"GET /health HTTP/1.1\" 500 18 \"-\" \"ansible-httpget\"\n192.168.65.1 - - [31/Jul/2026:08:37:24 +0000] \"GET /health HTTP/1.1\" 500 18 \"-\" \"ansible-httpget\"\n192.168.65.1 - - [31/Jul/2026:08:37:26 +0000] \"GET /health HTTP/1.1\" 500 18 \"-\" \"ansible-httpget\"\n"}

PLAY RECAP *********************************************************************
docker-host                : ok=7    changed=1    unreachable=0    failed=1    skipped=0    rescued=1    ignored=0   


→ deploy exit code: 2  (non-zero is the correct outcome here)
→ time to detect failure: 27s

state after the failed deploy (left running for inspection, NOT live):
  image=localhost:5001/projecta-flask:deadbee  version=deadbee
{"status":"DOWN"}
  /health → HTTP 500

[1m══ 4 · Roll back to fbc1254eac5f72f0584fb48c29ecae2ac73f3f1a — timed ══[0m
command: ansible-playbook playbooks/deploy.yml -e app_version=fbc1254eac5f72f0584fb48c29ecae2ac73f3f1a


PLAY [Deploy Project A] ********************************************************

TASK [deploy_app : Assert a deployable app_version was supplied] ***************
ok: [docker-host]

TASK [deploy_app : Record what is running now, so a failure can name its own rollback] ***
ok: [docker-host]

TASK [deploy_app : Derive the previous version tag] ****************************
ok: [docker-host]

TASK [deploy_app : Pull the image CI built] ************************************
ok: [docker-host]

TASK [deploy_app : Run the container] ******************************************
--- before
+++ after
@@ -1,10 +1,10 @@
 {
-    "image": "sha256:252fe33f01486a88a42f3758abc82cd3a1e9f99f11f0f77baf92d3aa025f7bcc",
-    "image_name": "localhost:5001/projecta-flask:deadbee",
+    "image": "sha256:bca4ce34865a70abe10baeee5440d5c9d026e6c06f7f076bf0553e26822c5b94",
+    "image_name": "localhost:5001/projecta-flask:fbc1254eac5f72f0584fb48c29ecae2ac73f3f1a",
     "labels": {
         "app": "projecta-flask",
         "managed-by": "ansible",
-        "version": "deadbee"
+        "version": "fbc1254eac5f72f0584fb48c29ecae2ac73f3f1a"
     },
     "running": true
 }

changed: [docker-host]

TASK [deploy_app : Verify the deployed container] ******************************
included: /Users/takacsmilan/Documents/TCS-ProjectWork/Milan-ProjectA/ansible/roles/deploy_app/tasks/smoke.yml for docker-host
FAILED - RETRYING: [docker-host]: deploy_app : Wait for the application to report healthy (9 retries left).

TASK [deploy_app : Wait for the application to report healthy] *****************
ok: [docker-host]

TASK [deploy_app : Check readiness] ********************************************
ok: [docker-host]

TASK [deploy_app : Echo a valid payload] ***************************************
ok: [docker-host]

TASK [deploy_app : Assert the payload came back intact] ************************
ok: [docker-host]

TASK [deploy_app : Assert a wrong Content-Type still returns 400, not 500] *****
ok: [docker-host]

PLAY RECAP *********************************************************************
docker-host                : ok=11   changed=1    unreachable=0    failed=0    skipped=0    rescued=0    ignored=0   


→ rollback exit code: 0
→ ROLLBACK TIME: 7s

[1m══ 5 · Verify the rollback ══[0m
  image=localhost:5001/projecta-flask:fbc1254eac5f72f0584fb48c29ecae2ac73f3f1a  version=fbc1254eac5f72f0584fb48c29ecae2ac73f3f1a

{"status":"UP"}
  /health → HTTP 200
{"status":"READY"}
  /ready  → HTTP 200
{"received":{"drill":"complete"}}
  /echo   → HTTP 200

[1m══ 6 · Result ══[0m
  date              2026-07-31T10:37:34+02:00
  good SHA          fbc1254eac5f72f0584fb48c29ecae2ac73f3f1a
  broken tag        deadbee
  failure detected  27s   (deploy exit 2)
  ROLLBACK TIME     7s    (deploy exit 0)
  now running       fbc1254eac5f72f0584fb48c29ecae2ac73f3f1a
  sprint goal       MET — under 60s

  Caveat to state out loud in the review: the rollback pulls with pull=not_present
  and the previous image was still on the host, so this time excludes a registry
  pull. On a fresh host, add the pull. Say it before a mentor asks.

  transcript: /Users/takacsmilan/Documents/TCS-ProjectWork/Milan-ProjectA/docs/rollback-drill-20260731-103657.log

  Leftover: localhost:5001/projecta-flask:deadbee is still in the registry and in the local image
  store. That is the drill's honest residue. Remove the local copy with:
    docker rmi localhost:5001/projecta-flask:deadbee
